[
    {
        "ID": "{c179f544-ba1f-4ea9-bd8f-2b2c1efa4046}",
        "Namespace": "atlassian",
        "Name": "stash-example-plugin",
        "Perm": {
            "Pull": true,
            "Push": true,
            "Admin": true
        },
        "Branch": "master",
        "Private": false,
        "Clone": "https://bitbucket.org/atlassian/stash-example-plugin.git",
        "CloneSSH": "git@bitbucket.org:atlassian/stash-example-plugin.git",
        "Link": "https://bitbucket.org/atlassian/stash-example-plugin",
        "Created": "2013-04-15T03:05:05.595458Z",
        "Updated": "2018-04-01T16:36:35.970175Z"
    },
    {
        "ID": "{c179f544-ba1f-4ea9-bd8f-2b2c1efa4046}",
        "Namespace": "atlassian",
        "Name": "stash-example-plugin",
        "Perm": {
            "Pull": true,
            "Push": true,
            "Admin": true
        },
        "Branch": "master",
        "Private": false,
        "Clone": "https://bitbucket.org/atlassian/stash-example-plugin.git",
        "CloneSSH": "git@bitbucket.org:atlassian/stash-example-plugin.git",
        "Link": "https://bitbucket.org/atlassian/stash-example-plugin",
        "Created": "2013-04-15T03:05:05.595458Z",
        "Updated": "2018-04-01T16:36:35.970175Z"
    }
]